MemTotal:       1056288728 kB
MemFree:        1021583332 kB
MemAvailable:   1022175620 kB
Buffers:            2148 kB
Cached:          2267004 kB
SwapCached:            0 kB
Active:          1546236 kB
Inactive:        1638484 kB
Active(anon):     923112 kB
Inactive(anon):    21224 kB
Active(file):     623124 kB
Inactive(file):  1617260 kB
Unevictable:           0 kB
Mlocked:               0 kB
SwapTotal:      10485756 kB
SwapFree:       10485500 kB
Dirty:               260 kB
Writeback:             0 kB
AnonPages:        921420 kB
Mapped:           452136 kB
Shmem:             23384 kB
Slab:             558460 kB
SReclaimable:     307516 kB
SUnreclaim:       250944 kB
KernelStack:       21664 kB
PageTables:        36104 kB
NFS_Unstable:          0 kB
Bounce:                0 kB
WritebackTmp:          0 kB
CommitLimit:    538630120 kB
Committed_AS:    6336156 kB
VmallocTotal:   34359738367 kB
VmallocUsed:     2074848 kB
VmallocChunk:   33820510204 kB
Percpu:            20992 kB
HardwareCorrupted:     0 kB
AnonHugePages:    473088 kB
CmaTotal:              0 kB
CmaFree:               0 kB
HugePages_Total:       0
HugePages_Free:        0
HugePages_Rsvd:        0
HugePages_Surp:        0
Hugepagesize:       2048 kB
DirectMap4k:      837748 kB
DirectMap2M:    17682432 kB
DirectMap1G:    1056964608 kB
