MemTotal:       1056288728 kB
MemFree:        982203336 kB
MemAvailable:   996614468 kB
Buffers:            2148 kB
Cached:         15601048 kB
SwapCached:            0 kB
Active:         27693168 kB
Inactive:       13690752 kB
Active(anon):   26021392 kB
Inactive(anon):   180660 kB
Active(file):    1671776 kB
Inactive(file): 13510092 kB
Unevictable:           0 kB
Mlocked:               0 kB
SwapTotal:      10485756 kB
SwapFree:       10482428 kB
Dirty:                 0 kB
Writeback:             0 kB
AnonPages:      25736124 kB
Mapped:           497376 kB
Shmem:            420548 kB
Slab:            1676604 kB
SReclaimable:    1193604 kB
SUnreclaim:       483000 kB
KernelStack:       26944 kB
PageTables:        96892 kB
NFS_Unstable:          0 kB
Bounce:                0 kB
WritebackTmp:          0 kB
CommitLimit:    538630120 kB
Committed_AS:   42314108 kB
VmallocTotal:   34359738367 kB
VmallocUsed:     2075364 kB
VmallocChunk:   33820510204 kB
Percpu:            19712 kB
HardwareCorrupted:     0 kB
AnonHugePages:  22358016 kB
CmaTotal:              0 kB
CmaFree:               0 kB
HugePages_Total:       0
HugePages_Free:        0
HugePages_Rsvd:        0
HugePages_Surp:        0
Hugepagesize:       2048 kB
DirectMap4k:     1097844 kB
DirectMap2M:    17422336 kB
DirectMap1G:    1056964608 kB
