MemTotal:       1056083564 kB
MemFree:        78010644 kB
MemAvailable:   298757332 kB
Buffers:             264 kB
Cached:         212548020 kB
SwapCached:            8 kB
Active:         818253676 kB
Inactive:       108195812 kB
Active(anon):   710554704 kB
Inactive(anon):  5709148 kB
Active(file):   107698972 kB
Inactive(file): 102486664 kB
Unevictable:           0 kB
Mlocked:               0 kB
SwapTotal:       4194300 kB
SwapFree:        4193020 kB
Dirty:                 0 kB
Writeback:             0 kB
AnonPages:      713896208 kB
Mapped:          2635720 kB
Shmem:           2362644 kB
Slab:           14496704 kB
SReclaimable:   12320020 kB
SUnreclaim:      2176684 kB
KernelStack:      305824 kB
PageTables:      2505388 kB
NFS_Unstable:          0 kB
Bounce:                0 kB
WritebackTmp:          0 kB
CommitLimit:    532236080 kB
Committed_AS:   875222348 kB
VmallocTotal:   34359738367 kB
VmallocUsed:     1932568 kB
VmallocChunk:   33820510204 kB
Percpu:            24960 kB
HardwareCorrupted:     0 kB
AnonHugePages:  386088960 kB
CmaTotal:              0 kB
CmaFree:               0 kB
HugePages_Total:       0
HugePages_Free:        0
HugePages_Rsvd:        0
HugePages_Surp:        0
Hugepagesize:       2048 kB
DirectMap4k:     1417024 kB
DirectMap2M:    11655168 kB
DirectMap1G:    1062207488 kB
