MemTotal:       263619724 kB
MemFree:        11174720 kB
MemAvailable:   206674640 kB
Buffers:              16 kB
Cached:          8655480 kB
SwapCached:       188232 kB
Active:         32628144 kB
Inactive:        8781796 kB
Active(anon):   29922524 kB
Inactive(anon):  8017368 kB
Active(file):    2705620 kB
Inactive(file):   764428 kB
Unevictable:          24 kB
Mlocked:              24 kB
SwapTotal:      10485756 kB
SwapFree:           1856 kB
Dirty:              1024 kB
Writeback:             0 kB
AnonPages:      32570468 kB
Mapped:          1323256 kB
Shmem:           5182300 kB
Slab:           201842520 kB
SReclaimable:   192914072 kB
SUnreclaim:      8928448 kB
KernelStack:       88304 kB
PageTables:       398576 kB
NFS_Unstable:          0 kB
Bounce:                0 kB
WritebackTmp:          0 kB
CommitLimit:    142295616 kB
Committed_AS:   45764096 kB
VmallocTotal:   34359738367 kB
VmallocUsed:      787448 kB
VmallocChunk:   34224460636 kB
Percpu:            11904 kB
HardwareCorrupted:     0 kB
AnonHugePages:   4372480 kB
CmaTotal:              0 kB
CmaFree:               0 kB
HugePages_Total:       0
HugePages_Free:        0
HugePages_Rsvd:        0
HugePages_Surp:        0
Hugepagesize:       2048 kB
DirectMap4k:      735348 kB
DirectMap2M:    27222016 kB
DirectMap1G:    242221056 kB
