MemTotal:       263975276 kB
MemFree:        252065912 kB
MemAvailable:   252660596 kB
Buffers:            1144 kB
Cached:          2980860 kB
SwapCached:            0 kB
Active:          2721328 kB
Inactive:        1359296 kB
Active(anon):    1912296 kB
Inactive(anon):   464316 kB
Active(file):     809032 kB
Inactive(file):   894980 kB
Unevictable:           0 kB
Mlocked:               0 kB
SwapTotal:       8388604 kB
SwapFree:        8388604 kB
Dirty:                12 kB
Writeback:             0 kB
AnonPages:       1100040 kB
Mapped:           264464 kB
Shmem:           1276772 kB
Slab:             287272 kB
SReclaimable:     196712 kB
SUnreclaim:        90560 kB
KernelStack:       13792 kB
PageTables:        37780 kB
NFS_Unstable:          0 kB
Bounce:                0 kB
WritebackTmp:          0 kB
CommitLimit:    140376240 kB
Committed_AS:    6024804 kB
VmallocTotal:   34359738367 kB
VmallocUsed:      596672 kB
VmallocChunk:   34359076860 kB
Percpu:             4864 kB
HardwareCorrupted:     0 kB
AnonHugePages:    251904 kB
CmaTotal:              0 kB
CmaFree:               0 kB
HugePages_Total:       0
HugePages_Free:        0
HugePages_Rsvd:        0
HugePages_Surp:        0
Hugepagesize:       2048 kB
DirectMap4k:      532352 kB
DirectMap2M:     7856128 kB
DirectMap1G:    262144000 kB
