MemTotal:       263975276 kB
MemFree:        252112688 kB
MemAvailable:   252704884 kB
Buffers:            1144 kB
Cached:          2990676 kB
SwapCached:            0 kB
Active:          2677428 kB
Inactive:        1369644 kB
Active(anon):    1869448 kB
Inactive(anon):   464316 kB
Active(file):     807980 kB
Inactive(file):   905328 kB
Unevictable:           0 kB
Mlocked:               0 kB
SwapTotal:       8388604 kB
SwapFree:        8388604 kB
Dirty:                 4 kB
Writeback:             0 kB
AnonPages:       1056972 kB
Mapped:           268232 kB
Shmem:           1276772 kB
Slab:             275472 kB
SReclaimable:     184928 kB
SUnreclaim:        90544 kB
KernelStack:       13584 kB
PageTables:        37056 kB
NFS_Unstable:          0 kB
Bounce:                0 kB
WritebackTmp:          0 kB
CommitLimit:    140376240 kB
Committed_AS:    5973900 kB
VmallocTotal:   34359738367 kB
VmallocUsed:      596672 kB
VmallocChunk:   34359076860 kB
Percpu:             4864 kB
HardwareCorrupted:     0 kB
AnonHugePages:    249856 kB
CmaTotal:              0 kB
CmaFree:               0 kB
HugePages_Total:       0
HugePages_Free:        0
HugePages_Rsvd:        0
HugePages_Surp:        0
Hugepagesize:       2048 kB
DirectMap4k:      532352 kB
DirectMap2M:     7856128 kB
DirectMap1G:    262144000 kB
