MemTotal:       263619724 kB
MemFree:         7527900 kB
MemAvailable:   199166160 kB
Buffers:              16 kB
Cached:          8738156 kB
SwapCached:       190612 kB
Active:         41092132 kB
Inactive:        8477676 kB
Active(anon):   37889100 kB
Inactive(anon):  7813324 kB
Active(file):    3203032 kB
Inactive(file):   664352 kB
Unevictable:          24 kB
Mlocked:              24 kB
SwapTotal:      10485756 kB
SwapFree:             28 kB
Dirty:               980 kB
Writeback:             0 kB
AnonPages:      40644288 kB
Mapped:          1092288 kB
Shmem:           4867268 kB
Slab:           197582228 kB
SReclaimable:   188655076 kB
SUnreclaim:      8927152 kB
KernelStack:       89328 kB
PageTables:       423720 kB
NFS_Unstable:          0 kB
Bounce:                0 kB
WritebackTmp:          0 kB
CommitLimit:    142295616 kB
Committed_AS:   52870208 kB
VmallocTotal:   34359738367 kB
VmallocUsed:      787460 kB
VmallocChunk:   34224460636 kB
Percpu:            11904 kB
HardwareCorrupted:     0 kB
AnonHugePages:   4352000 kB
CmaTotal:              0 kB
CmaFree:               0 kB
HugePages_Total:       0
HugePages_Free:        0
HugePages_Rsvd:        0
HugePages_Surp:        0
Hugepagesize:       2048 kB
DirectMap4k:      735348 kB
DirectMap2M:    27222016 kB
DirectMap1G:    242221056 kB
