MemTotal:       1056083564 kB
MemFree:        552740624 kB
MemAvailable:   963203668 kB
Buffers:            1248 kB
Cached:         399815556 kB
SwapCached:            0 kB
Active:         224994096 kB
Inactive:       225649840 kB
Active(anon):   51247724 kB
Inactive(anon):  1904240 kB
Active(file):   173746372 kB
Inactive(file): 223745600 kB
Unevictable:           0 kB
Mlocked:               0 kB
SwapTotal:       4194300 kB
SwapFree:        4194300 kB
Dirty:               416 kB
Writeback:             0 kB
AnonPages:      50828340 kB
Mapped:          2678560 kB
Shmem:           2324828 kB
Slab:           16907156 kB
SReclaimable:   14729420 kB
SUnreclaim:      2177736 kB
KernelStack:      305440 kB
PageTables:      1200092 kB
NFS_Unstable:          0 kB
Bounce:                0 kB
WritebackTmp:          0 kB
CommitLimit:    532236080 kB
Committed_AS:   206675832 kB
VmallocTotal:   34359738367 kB
VmallocUsed:     1932568 kB
VmallocChunk:   33820510204 kB
Percpu:            24960 kB
HardwareCorrupted:     0 kB
AnonHugePages:  29687808 kB
CmaTotal:              0 kB
CmaFree:               0 kB
HugePages_Total:       0
HugePages_Free:        0
HugePages_Rsvd:        0
HugePages_Surp:        0
Hugepagesize:       2048 kB
DirectMap4k:     1417024 kB
DirectMap2M:    11655168 kB
DirectMap1G:    1062207488 kB
