MemTotal:       1056288728 kB
MemFree:        982018860 kB
MemAvailable:   996227544 kB
Buffers:            2148 kB
Cached:         15404184 kB
SwapCached:            0 kB
Active:         28000856 kB
Inactive:       13597860 kB
Active(anon):   26433108 kB
Inactive(anon):   180632 kB
Active(file):    1567748 kB
Inactive(file): 13417228 kB
Unevictable:           0 kB
Mlocked:               0 kB
SwapTotal:      10485756 kB
SwapFree:       10482428 kB
Dirty:                20 kB
Writeback:             0 kB
AnonPages:      26192860 kB
Mapped:           467612 kB
Shmem:            420552 kB
Slab:            1650848 kB
SReclaimable:    1188048 kB
SUnreclaim:       462800 kB
KernelStack:       27344 kB
PageTables:       100564 kB
NFS_Unstable:          0 kB
Bounce:                0 kB
WritebackTmp:          0 kB
CommitLimit:    538630120 kB
Committed_AS:   42817756 kB
VmallocTotal:   34359738367 kB
VmallocUsed:     2075364 kB
VmallocChunk:   33820510204 kB
Percpu:            19712 kB
HardwareCorrupted:     0 kB
AnonHugePages:  22710272 kB
CmaTotal:              0 kB
CmaFree:               0 kB
HugePages_Total:       0
HugePages_Free:        0
HugePages_Rsvd:        0
HugePages_Surp:        0
Hugepagesize:       2048 kB
DirectMap4k:     1097844 kB
DirectMap2M:    17422336 kB
DirectMap1G:    1056964608 kB
